[1m[92m    Updating[0m crates.io index
[1m[92m     Locking[0m 23 packages to latest compatible versions
[1m[92m Downloading[0m crates ...
[1m[92m  Downloaded[0m arrayref v0.3.9
[1m[92m  Downloaded[0m constant_time_eq v0.4.2
[1m[92m  Downloaded[0m cfg-if v1.0.4
[1m[92m  Downloaded[0m cpufeatures v0.3.0
[1m[92m  Downloaded[0m itoa v1.0.18
[1m[92m  Downloaded[0m find-msvc-tools v0.1.11
[1m[92m  Downloaded[0m zmij v1.0.23
[1m[92m  Downloaded[0m thiserror-impl v2.0.20
[1m[92m  Downloaded[0m arrayvec v0.7.8
[1m[92m  Downloaded[0m quote v1.0.47
[1m[92m  Downloaded[0m thiserror v2.0.20
[1m[92m  Downloaded[0m serde_core v1.0.229
[1m[92m  Downloaded[0m unicode-ident v1.0.24
[1m[92m  Downloaded[0m cc v1.4.3
[1m[92m  Downloaded[0m serde_derive v1.0.229
[1m[92m  Downloaded[0m shlex v2.0.1
[1m[92m  Downloaded[0m proc-macro2 v1.0.107
[1m[92m  Downloaded[0m serde v1.0.229
[1m[92m  Downloaded[0m memchr v2.8.3
[1m[92m  Downloaded[0m serde_json v1.0.151
[1m[92m  Downloaded[0m blake3 v1.8.6
[1m[92m  Downloaded[0m syn v3.0.3
[1m[92m   Compiling[0m proc-macro2 v1.0.107
[1m[92m   Compiling[0m unicode-ident v1.0.24
[1m[92m   Compiling[0m quote v1.0.47
[1m[92m   Compiling[0m serde_core v1.0.229
[1m[92m   Compiling[0m find-msvc-tools v0.1.11
[1m[92m   Compiling[0m shlex v2.0.1
[1m[92m   Compiling[0m thiserror v2.0.20
[1m[92m   Compiling[0m cc v1.4.3
[1m[92m   Compiling[0m serde v1.0.229
[1m[92m   Compiling[0m zmij v1.0.23
[1m[92m   Compiling[0m syn v3.0.3
[1m[92m   Compiling[0m serde_json v1.0.151
[1m[92m    Checking[0m arrayvec v0.7.8
[1m[92m    Checking[0m cpufeatures v0.3.0
[1m[92m    Checking[0m constant_time_eq v0.4.2
[1m[92m    Checking[0m memchr v2.8.3
[1m[92m   Compiling[0m blake3 v1.8.6
[1m[92m    Checking[0m arrayref v0.3.9
[1m[92m    Checking[0m itoa v1.0.18
[1m[92m    Checking[0m cfg-if v1.0.4
[1m[92m   Compiling[0m serde_derive v1.0.229
[1m[92m   Compiling[0m thiserror-impl v2.0.20
[1m[92m    Checking[0m resolvent-quantities v0.1.0 (/home/runner/work/resolvent/resolvent/crates/resolvent-quantities)
[1m[92m    Checking[0m resolvent v0.1.0 (/home/runner/work/resolvent/resolvent)
[1m[91merror[E0507][0m[1m: cannot move out of `edges`, a captured variable in an `FnMut` closure[0m
    [1m[94m--> [0msrc/scientific.rs:2281:36
     [1m[94m|[0m
[1m[94m2248[0m [1m[94m|[0m     let mut edges = vec![];
     [1m[94m|[0m         [1m[94m---------[0m   [1m[94m------[0m [1m[94mmove occurs because `edges` has type `std::vec::Vec<scientific::CouplingEdge>`, which does not implement the `Copy` trait[0m
     [1m[94m|[0m         [1m[94m|[0m
     [1m[94m|[0m         [1m[94mcaptured outer variable[0m
[1m[94m...[0m
[1m[94m2280[0m [1m[94m|[0m         .flat_map(|r| {
     [1m[94m|[0m                   [1m[94m---[0m [1m[94mcaptured by this `FnMut` closure[0m
[1m[94m2281[0m [1m[94m|[0m             field_names.iter().map(move |u| BlockDerivative {
     [1m[94m|[0m                                    [1m[91m^^^^^^^^[0m [1m[91m`edges` is moved here[0m
[1m[94m...[0m
[1m[94m2284[0m [1m[94m|[0m                 structurally_nonzero: edges.iter().any(|e| &e.to == r && &e.from == u),
     [1m[94m|[0m                                       [1m[94m-----[0m [1m[94mvariable moved due to use in closure[0m
     [1m[94m|[0m
[1m[96mhelp[0m: `Fn` and `FnMut` closures require captured values to be able to be consumed multiple times, but `FnOnce` closures may consume them only once
    [1m[94m--> [0m/rustc/254b59607d4417e9dffbc307138ae5c86280fe4c/library/core/src/iter/traits/iterator.rs:1477:12
[1m[96mhelp[0m: consider cloning the value before moving it into the closure
     [1m[94m|[0m
[1m[94m2281[0m [92m~ [0m            field_names.iter().map([92m{[0m
[1m[94m2282[0m [92m+             let value = edges.clone();[0m
[1m[94m2283[0m [92m~             [0mmove |u| BlockDerivative {
[1m[94m2284[0m [1m[94m|[0m                 residual: r.clone(),
[1m[94m2285[0m [1m[94m|[0m                 unknown: u.clone(),
[1m[94m2286[0m [92m~ [0m                structurally_nonzero: [92mvalue[0m.iter().any(|e| &e.to == r && &e.from == u),
[1m[94m2287[0m [92m~ [0m            }
[1m[94m2288[0m [92m~             }[0m)
     [1m[94m|[0m

[1m[91merror[E0382][0m[1m: borrow of moved value: `name`[0m
    [1m[94m--> [0msrc/scientific.rs:2262:50
     [1m[94m|[0m
[1m[94m2253[0m [1m[94m|[0m         for name in names.clone() {
     [1m[94m|[0m             [1m[94m----[0m
     [1m[94m|[0m             [1m[94m|[0m
     [1m[94m|[0m             [1m[94mthis reinitialization might get skipped[0m
     [1m[94m|[0m             [1m[94mmove occurs because `name` has type `std::string::String`, which does not implement the `Copy` trait[0m
[1m[94m...[0m
[1m[94m2259[0m [1m[94m|[0m                     path: vec![name, eq.name.clone()],
     [1m[94m|[0m                                [1m[94m----[0m [1m[94mvalue moved here[0m
[1m[94m...[0m
[1m[94m2262[0m [1m[94m|[0m             if let Some(prop) = property_map.get(&name) {
     [1m[94m|[0m                                                  [1m[91m^^^^^[0m [1m[91mvalue borrowed here after move[0m
     [1m[94m|[0m
[1m[96mhelp[0m: consider cloning the value if the performance cost is acceptable
     [1m[94m|[0m
[1m[94m2259[0m [1m[94m| [0m                    path: vec![name[92m.clone()[0m, eq.name.clone()],
     [1m[94m|[0m                                    [92m++++++++[0m

[1m[91merror[E0382][0m[1m: use of moved value: `edges`[0m
    [1m[94m--> [0msrc/scientific.rs:2291:9
     [1m[94m|[0m
[1m[94m2248[0m [1m[94m|[0m     let mut edges = vec![];
     [1m[94m|[0m         [1m[94m---------[0m [1m[94mmove occurs because `edges` has type `std::vec::Vec<scientific::CouplingEdge>`, which does not implement the `Copy` trait[0m
[1m[94m...[0m
[1m[94m2280[0m [1m[94m|[0m         .flat_map(|r| {
     [1m[94m|[0m                   [1m[94m---[0m [1m[94mvalue moved into closure here[0m
[1m[94m...[0m
[1m[94m2284[0m [1m[94m|[0m                 structurally_nonzero: edges.iter().any(|e| &e.to == r && &e.from == u),
     [1m[94m|[0m                                       [1m[94m-----[0m [1m[94mvariable moved due to use in closure[0m
[1m[94m...[0m
[1m[94m2291[0m [1m[94m|[0m         edges,
     [1m[94m|[0m         [1m[91m^^^^^[0m [1m[91mvalue used here after move[0m

[1mSome errors have detailed explanations: E0382, E0507.[0m
[1mFor more information about an error, try `rustc --explain E0382`.[0m
[1m[91merror[0m: could not compile `resolvent` (lib) due to 3 previous errors
[1m[33mwarning[0m: build failed, waiting for other jobs to finish...
[1m[91merror[0m: could not compile `resolvent` (lib test) due to 3 previous errors
