[1m[92m    Updating[0m crates.io index
[1m[92m     Locking[0m 23 packages to latest compatible versions
[1m[92m Downloading[0m crates ...
[1m[92m  Downloaded[0m thiserror-impl v2.0.20
[1m[92m  Downloaded[0m constant_time_eq v0.4.2
[1m[92m  Downloaded[0m thiserror v2.0.20
[1m[92m  Downloaded[0m serde_derive v1.0.229
[1m[92m  Downloaded[0m shlex v2.0.1
[1m[92m  Downloaded[0m unicode-ident v1.0.24
[1m[92m  Downloaded[0m arrayref v0.3.9
[1m[92m  Downloaded[0m cfg-if v1.0.4
[1m[92m  Downloaded[0m itoa v1.0.18
[1m[92m  Downloaded[0m zmij v1.0.23
[1m[92m  Downloaded[0m find-msvc-tools v0.1.11
[1m[92m  Downloaded[0m serde_core v1.0.229
[1m[92m  Downloaded[0m proc-macro2 v1.0.107
[1m[92m  Downloaded[0m serde v1.0.229
[1m[92m  Downloaded[0m memchr v2.8.3
[1m[92m  Downloaded[0m cc v1.4.3
[1m[92m  Downloaded[0m serde_json v1.0.151
[1m[92m  Downloaded[0m quote v1.0.47
[1m[92m  Downloaded[0m arrayvec v0.7.8
[1m[92m  Downloaded[0m cpufeatures v0.3.0
[1m[92m  Downloaded[0m syn v3.0.3
[1m[92m  Downloaded[0m blake3 v1.8.6
[1m[92m   Compiling[0m proc-macro2 v1.0.107
[1m[92m   Compiling[0m unicode-ident v1.0.24
[1m[92m   Compiling[0m quote v1.0.47
[1m[92m   Compiling[0m serde_core v1.0.229
[1m[92m   Compiling[0m find-msvc-tools v0.1.11
[1m[92m   Compiling[0m shlex v2.0.1
[1m[92m   Compiling[0m cc v1.4.3
[1m[92m   Compiling[0m thiserror v2.0.20
[1m[92m   Compiling[0m serde v1.0.229
[1m[92m   Compiling[0m syn v3.0.3
[1m[92m   Compiling[0m zmij v1.0.23
[1m[92m   Compiling[0m serde_json v1.0.151
[1m[92m   Compiling[0m itoa v1.0.18
[1m[92m   Compiling[0m arrayref v0.3.9
[1m[92m   Compiling[0m cfg-if v1.0.4
[1m[92m   Compiling[0m blake3 v1.8.6
[1m[92m   Compiling[0m arrayvec v0.7.8
[1m[92m   Compiling[0m memchr v2.8.3
[1m[92m   Compiling[0m cpufeatures v0.3.0
[1m[92m   Compiling[0m constant_time_eq v0.4.2
[1m[92m   Compiling[0m serde_derive v1.0.229
[1m[92m   Compiling[0m thiserror-impl v2.0.20
[1m[92m   Compiling[0m resolvent-quantities v0.1.0 (/home/runner/work/resolvent/resolvent/crates/resolvent-quantities)
[1m[92m   Compiling[0m resolvent v0.1.0 (/home/runner/work/resolvent/resolvent)
[1m[92m    Finished[0m `test` profile [unoptimized + debuginfo] target(s) in 16.86s
[1m[92m     Running[0m tests/r14_acceptance.rs (target/debug/deps/r14_acceptance-e46e176cf5b05b52)

running 3 tests
test every_current_semantic_declaration_has_a_nonempty_source_span ... ok
test whitespace_and_comments_do_not_change_semantic_digest ... ok
test format_roundtrip_preserves_all_current_scientific_v1_semantics ... ok

test result: ok. 3 passed; 0 failed; 0 ignored; 0 measured; 0 filtered out; finished in 0.00s

[1m[92m     Running[0m tests/r18_coupling.rs (target/debug/deps/r18_coupling-bd2e4320149b6a0d)

running 2 tests
test nested_property_and_constitutive_dependencies_reach_cross_blocks ... ok
test declaration_reordering_preserves_semantic_digest_and_coupling_graph ... ok

test result: ok. 2 passed; 0 failed; 0 ignored; 0 measured; 0 filtered out; finished in 0.00s

[1m[92m     Running[0m tests/scientific_bridge.rs (target/debug/deps/scientific_bridge-49a00d35ced83d1b)

running 2 tests
test scientific_physics_lock_carries_property_provenance_and_digest_identity ... ok
test file_and_rust_macro_use_identical_scientific_semantics ... ok

test result: ok. 2 passed; 0 failed; 0 ignored; 0 measured; 0 filtered out; finished in 0.00s

